Nothing to build in platform 'design_1_wrapper'

21:35:14 **** Incremental Build of configuration Debug for project Zybo-Z7-10-HDMI ****
make all 
make --no-print-directory pre-build
a9-linaro-pre-build-step
' '
make --no-print-directory main-build
'Building file: ../src/video_demo.c'
'Invoking: ARM v7 gcc compiler'
arm-none-eabi-gcc -DDEBUG -Wall -O0 -g3 -I"C:\LocalWorkspace\EE277_local\EE277_Drive_Dec17_2024\EE277_FinalProject\Impl_1\Vitis\newWorkspace\Zybo-Z7-10-HDMI\src" -IC:/LocalWorkspace/EE277_local/EE277_Drive_Dec17_2024/EE277_FinalProject/Impl_1/Vitis/newWorkspace/design_1_wrapper/export/design_1_wrapper/sw/design_1_wrapper/domain_ps7_cortexa9_0/bspinclude/include -c -fmessage-length=0 -MT"src/video_demo.o" -mcpu=cortex-a9 -mfpu=vfpv3 -mfloat-abi=hard -IC:/LocalWorkspace/EE277_local/EE277_Drive_Dec17_2024/EE277_FinalProject/Impl_1/Vitis/newWorkspace/design_1_wrapper/export/design_1_wrapper/sw/design_1_wrapper/domain_ps7_cortexa9_0/bspinclude/include -MMD -MP -MF"src/video_demo.d" -MT"src/video_demo.o" -o "src/video_demo.o" "../src/video_demo.c"
In file included from C:/LocalWorkspace/EE277_local/EE277_Drive_Dec17_2024/EE277_FinalProject/Impl_1/Vitis/newWorkspace/design_1_wrapper/export/design_1_wrapper/sw/design_1_wrapper/domain_ps7_cortexa9_0/bspinclude/include/xaxivdma_i.h:51,
                 from C:/LocalWorkspace/EE277_local/EE277_Drive_Dec17_2024/EE277_FinalProject/Impl_1/Vitis/newWorkspace/design_1_wrapper/export/design_1_wrapper/sw/design_1_wrapper/domain_ps7_cortexa9_0/bspinclude/include/xaxivdma.h:294,
                 from ../src/video_capture/video_capture.h:75,
                 from ../src/video_demo.h:32,
                 from ../src/video_demo.c:33:
C:/LocalWorkspace/EE277_local/EE277_Drive_Dec17_2024/EE277_FinalProject/Impl_1/Vitis/newWorkspace/design_1_wrapper/export/design_1_wrapper/sw/design_1_wrapper/domain_ps7_cortexa9_0/bspinclude/include/xdebug.h:18:2: warning: #warning DEBUG is enabled [-Wcpp]
   18 | #warning DEBUG is enabled
      |  ^~~~~~~
'Finished building: ../src/video_demo.c'
' '
'Building target: Zybo-Z7-10-HDMI.elf'
'Invoking: ARM v7 gcc linker'
arm-none-eabi-gcc -mcpu=cortex-a9 -mfpu=vfpv3 -mfloat-abi=hard -Wl,-build-id=none -specs=Xilinx.spec -Wl,-T -Wl,../src/lscript.ld -LC:/LocalWorkspace/EE277_local/EE277_Drive_Dec17_2024/EE277_FinalProject/Impl_1/Vitis/newWorkspace/design_1_wrapper/export/design_1_wrapper/sw/design_1_wrapper/domain_ps7_cortexa9_0/bsplib/lib -o "Zybo-Z7-10-HDMI.elf"  ./src/video_capture/video_capture.o  ./src/timer_ps/timer_ps.o  ./src/intc/intc.o  ./src/dynclk/dynclk.o  ./src/display_ctrl/display_ctrl.o  ./src/video_demo.o   -lm -Wl,--start-group,-lxil,-lgcc,-lc,--end-group
'Finished building target: Zybo-Z7-10-HDMI.elf'
' '
'Invoking: ARM v7 Print Size'
arm-none-eabi-size Zybo-Z7-10-HDMI.elf  |tee "Zybo-Z7-10-HDMI.elf.size"
   text	   data	    bss	    dec	    hex	filename
 104147	   3492	24909088	25016727	17db997	Zybo-Z7-10-HDMI.elf
'Finished building: Zybo-Z7-10-HDMI.elf.size'
' '
21:35:15 **** Incremental Build of configuration Debug for project Zybo-Z7-10-HDMI_system ****
make all 
Generating bif file for the system project
generate_system_bif.bat 53919 C:/LocalWorkspace/EE277_local/EE277_Drive_Dec17_2024/EE277_FinalProject/Impl_1/Vitis/newWorkspace/design_1_wrapper/export/design_1_wrapper/design_1_wrapper.xpfm domain_ps7_cortexa9_0 C:/LocalWorkspace/EE277_local/EE277_Drive_Dec17_2024/EE277_FinalProject/Impl_1/Vitis/newWorkspace/Zybo-Z7-10-HDMI_system/Debug/system.bif
sdcard_gen --xpfm C:/LocalWorkspace/EE277_local/EE277_Drive_Dec17_2024/EE277_FinalProject/Impl_1/Vitis/newWorkspace/design_1_wrapper/export/design_1_wrapper/design_1_wrapper.xpfm --sys_config design_1_wrapper --bif C:/LocalWorkspace/EE277_local/EE277_Drive_Dec17_2024/EE277_FinalProject/Impl_1/Vitis/newWorkspace/Zybo-Z7-10-HDMI_system/Debug/system.bif --bitstream C:/LocalWorkspace/EE277_local/EE277_Drive_Dec17_2024/EE277_FinalProject/Impl_1/Vitis/newWorkspace/Zybo-Z7-10-HDMI/_ide/bitstream/design_1_wrapper_sw.bit --elf C:/LocalWorkspace/EE277_local/EE277_Drive_Dec17_2024/EE277_FinalProject/Impl_1/Vitis/newWorkspace/Zybo-Z7-10-HDMI/Debug/Zybo-Z7-10-HDMI.elf,ps7_cortexa9_0
creating BOOT.BIN using C:/LocalWorkspace/EE277_local/EE277_Drive_Dec17_2024/EE277_FinalProject/Impl_1/Vitis/newWorkspace/Zybo-Z7-10-HDMI/_ide/bitstream/design_1_wrapper_sw.bit
Running D:/Vitis/2022.1/bin/bootgen  -image C:/LocalWorkspace/EE277_local/EE277_Drive_Dec17_2024/EE277_FinalProject/Impl_1/Vitis/newWorkspace/Zybo-Z7-10-HDMI_system/Debug/sd_card_temp/boot.bif -w -o i BOOT.BIN
