22:09:36 **** Build of configuration Debug for project ledsystem_AXILite ****
make all 
make --no-print-directory pre-build
a9-linaro-pre-build-step
' '
make --no-print-directory main-build
'Building file: ../src/main.c'
'Invoking: ARM v7 gcc compiler'
arm-none-eabi-gcc -Wall -O0 -g3 -c -fmessage-length=0 -MT"src/main.o" -mcpu=cortex-a9 -mfpu=vfpv3 -mfloat-abi=hard -IC:/LocalWorkspace/EE277workspace/Lab2_2021v/VitisWorkspace/design_1_wrapper/export/design_1_wrapper/sw/design_1_wrapper/standalone_ps7_cortexa9_0/bspinclude/include -MMD -MP -MF"src/main.d" -MT"src/main.o" -o "src/main.o" "../src/main.c"
'Finished building: ../src/main.c'
' '
'Building target: ledsystem_AXILite.elf'
'Invoking: ARM v7 gcc linker'
arm-none-eabi-gcc -mcpu=cortex-a9 -mfpu=vfpv3 -mfloat-abi=hard -Wl,-build-id=none -specs=Xilinx.spec -Wl,-T -Wl,../src/lscript.ld -LC:/LocalWorkspace/EE277workspace/Lab2_2021v/VitisWorkspace/design_1_wrapper/export/design_1_wrapper/sw/design_1_wrapper/standalone_ps7_cortexa9_0/bsplib/lib -o "ledsystem_AXILite.elf"  ./src/main.o   -Wl,--start-group,-lxil,-lgcc,-lc,--end-group
'Finished building target: ledsystem_AXILite.elf'
' '
'Invoking: ARM v7 Print Size'
arm-none-eabi-size ledsystem_AXILite.elf  |tee "ledsystem_AXILite.elf.size"
   text	   data	    bss	    dec	    hex	filename
  18772	   1144	  22584	  42500	   a604	ledsystem_AXILite.elf
'Finished building: ledsystem_AXILite.elf.size'
' '

22:09:36 Build Finished (took 660ms)

