15:14:34 **** Build of configuration Debug for project led_system ****
make all 
make --no-print-directory pre-build
a9-linaro-pre-build-step
' '
make --no-print-directory main-build
'Building file: ../src/main.c'
'Invoking: ARM v7 gcc compiler'
arm-none-eabi-gcc -Wall -O0 -g3 -c -fmessage-length=0 -MT"src/main.o" -mcpu=cortex-a9 -mfpu=vfpv3 -mfloat-abi=hard -IC:/LocalWorkspace/EE277workspace/Lab2_2021v_withoutButton/design_1_wrapper/export/design_1_wrapper/sw/design_1_wrapper/standalone_ps7_cortexa9_0/bspinclude/include -MMD -MP -MF"src/main.d" -MT"src/main.o" -o "src/main.o" "../src/main.c"
'Finished building: ../src/main.c'
' '
'Building target: led_system.elf'
'Invoking: ARM v7 gcc linker'
arm-none-eabi-gcc -mcpu=cortex-a9 -mfpu=vfpv3 -mfloat-abi=hard -Wl,-build-id=none -specs=Xilinx.spec -Wl,-T -Wl,../src/lscript.ld -LC:/LocalWorkspace/EE277workspace/Lab2_2021v_withoutButton/design_1_wrapper/export/design_1_wrapper/sw/design_1_wrapper/standalone_ps7_cortexa9_0/bsplib/lib -o "led_system.elf"  ./src/main.o   -Wl,--start-group,-lxil,-lgcc,-lc,--end-group
'Finished building target: led_system.elf'
' '
'Invoking: ARM v7 Print Size'
arm-none-eabi-size led_system.elf  |tee "led_system.elf.size"
   text	   data	    bss	    dec	    hex	filename
  18708	   1144	  22584	  42436	   a5c4	led_system.elf
'Finished building: led_system.elf.size'
' '

15:14:34 Build Finished (took 717ms)

